▲ Next.js 16.3.8 (Turbopack)
- Local:         http://localhost:3000
- Network:       http://10.145.34.45:3000
✓ Ready in 9.6s
✓ Running next.config.ts took 590ms
Creating turbopack project {
  dir: 'C:\\Users\\DELL\\Desktop\\CLIENTS\\noleya_foundation\\noleya',
  testMode: true
}

○ Compiling / ...
 GET / 200 in 17.2s (next.js: 16.7s, application-code: 514ms)
 GET / 200 in 455ms (next.js: 49ms, application-code: 406ms)
✓ Compiled in 650ms
 GET / 200 in 287ms (next.js: 118ms, application-code: 169ms)
✓ Compiled in 254ms
 GET / 200 in 335ms (next.js: 155ms, application-code: 181ms)
✓ Compiled in 418ms
 GET / 200 in 71ms (next.js: 13ms, application-code: 59ms)
✓ Compiled in 153ms
 GET / 200 in 382ms (next.js: 213ms, application-code: 169ms)
✓ Compiled in 237ms
✓ Compiled in 1131ms
 GET / 200 in 208ms (next.js: 73ms, application-code: 135ms)
✓ Compiled in 456ms
 GET / 200 in 432ms (next.js: 180ms, application-code: 252ms)
✓ Compiled in 522ms
 GET / 200 in 605ms (next.js: 121ms, application-code: 484ms)
 GET / 200 in 629ms (next.js: 331ms, application-code: 298ms)
 GET / 200 in 664ms (next.js: 316ms, application-code: 348ms)
 GET / 200 in 144ms (next.js: 17ms, application-code: 127ms)
✓ Compiled in 227ms
✓ Compiled in 215ms
 GET / 200 in 318ms (next.js: 44ms, application-code: 274ms)
 GET / 200 in 169ms (next.js: 29ms, application-code: 140ms)
✓ Compiled in 166ms
 GET / 200 in 140ms (next.js: 57ms, application-code: 83ms)
 GET / 200 in 175ms (next.js: 24ms, application-code: 151ms)
✓ Compiled in 322ms
✓ Compiled in 550ms
 GET / 200 in 1381ms (next.js: 836ms, application-code: 545ms)
 GET / 200 in 213ms (next.js: 67ms, application-code: 146ms)
✓ Compiled in 479ms
 GET / 200 in 152ms (next.js: 49ms, application-code: 104ms)
 GET / 200 in 121ms (next.js: 21ms, application-code: 100ms)
✓ Compiled in 365ms
 GET / 200 in 371ms (next.js: 115ms, application-code: 255ms)
 GET / 200 in 184ms (next.js: 21ms, application-code: 163ms)
✓ Compiled in 750ms
✓ Compiled in 272ms
 GET / 200 in 329ms (next.js: 61ms, application-code: 268ms)
 GET / 200 in 101ms (next.js: 17ms, application-code: 84ms)
✓ Compiled in 243ms
 GET / 200 in 406ms (next.js: 59ms, application-code: 348ms)
 GET / 200 in 120ms (next.js: 22ms, application-code: 98ms)
✓ Compiled in 343ms
 GET / 200 in 711ms (next.js: 302ms, application-code: 409ms)
 GET / 200 in 97ms (next.js: 17ms, application-code: 80ms)
 GET / 200 in 335ms (next.js: 19ms, application-code: 317ms)
 GET / 200 in 250ms (next.js: 48ms, application-code: 202ms)
 GET / 200 in 99ms (next.js: 12ms, application-code: 86ms)
✓ Compiled in 1245ms
 GET / 200 in 1715ms (next.js: 256ms, application-code: 1458ms)
 GET / 200 in 112ms (next.js: 18ms, application-code: 93ms)
✓ Compiled in 553ms
✓ Compiled in 647ms
 GET / 200 in 385ms (next.js: 114ms, application-code: 271ms)
 GET / 200 in 154ms (next.js: 21ms, application-code: 134ms)
✓ Compiled in 249ms
 GET / 200 in 197ms (next.js: 51ms, application-code: 146ms)
 GET / 200 in 115ms (next.js: 24ms, application-code: 91ms)
✓ Compiled in 317ms
 GET / 200 in 416ms (next.js: 203ms, application-code: 213ms)
 GET / 200 in 113ms (next.js: 19ms, application-code: 93ms)
 GET / 200 in 101ms (next.js: 9ms, application-code: 93ms)
✓ Compiled in 263ms
 GET / 200 in 213ms (next.js: 35ms, application-code: 178ms)
 GET / 200 in 86ms (next.js: 18ms, application-code: 69ms)
✓ Compiled in 570ms
 GET / 200 in 529ms (next.js: 154ms, application-code: 375ms)
✓ Compiled in 678ms
 GET / 200 in 257ms (next.js: 77ms, application-code: 179ms)
✓ Compiled in 515ms
 GET / 200 in 183ms (next.js: 66ms, application-code: 116ms)
 GET / 200 in 116ms (next.js: 18ms, application-code: 98ms)
 GET / 200 in 194ms (next.js: 22ms, application-code: 172ms)
 GET / 200 in 98ms (next.js: 19ms, application-code: 79ms)
✓ Compiled in 1847ms
 GET / 200 in 405ms (next.js: 195ms, application-code: 211ms)
 GET / 200 in 310ms (next.js: 61ms, application-code: 249ms)
✓ Compiled in 399ms
 GET / 200 in 252ms (next.js: 65ms, application-code: 187ms)
 GET / 200 in 72ms (next.js: 15ms, application-code: 57ms)
 GET / 200 in 470ms (next.js: 31ms, application-code: 439ms)
✓ Compiled in 681ms
 GET / 200 in 229ms (next.js: 38ms, application-code: 191ms)
 GET / 200 in 117ms (next.js: 25ms, application-code: 92ms)
 GET / 200 in 82ms (next.js: 16ms, application-code: 66ms)
✓ Compiled in 368ms
 GET / 200 in 251ms (next.js: 96ms, application-code: 154ms)
 GET / 200 in 100ms (next.js: 18ms, application-code: 81ms)
 GET / 200 in 103ms (next.js: 12ms, application-code: 90ms)
✓ Compiled in 1591ms
 GET / 200 in 761ms (next.js: 462ms, application-code: 299ms)
 GET / 200 in 105ms (next.js: 18ms, application-code: 87ms)
 GET / 200 in 380ms (next.js: 34ms, application-code: 346ms)
 GET / 200 in 156ms (next.js: 21ms, application-code: 135ms)
✓ Compiled in 333ms
 GET / 200 in 139ms (next.js: 12ms, application-code: 127ms)
✓ Compiled in 135ms
 GET / 200 in 266ms (next.js: 42ms, application-code: 224ms)
 GET / 200 in 150ms (next.js: 25ms, application-code: 125ms)
✓ Compiled in 295ms
 GET / 200 in 300ms (next.js: 66ms, application-code: 234ms)
✓ Compiled in 370ms
 GET / 200 in 948ms (next.js: 506ms, application-code: 441ms)
✓ Compiled in 934ms
 GET / 200 in 1336ms (next.js: 156ms, application-code: 1180ms)
✓ Compiled in 1545ms
 GET / 200 in 337ms (next.js: 81ms, application-code: 256ms)
 GET / 200 in 88ms (next.js: 15ms, application-code: 73ms)
 GET / 200 in 85ms (next.js: 20ms, application-code: 65ms)
 GET / 200 in 95ms (next.js: 15ms, application-code: 80ms)
 GET / 200 in 93ms (next.js: 15ms, application-code: 78ms)
✓ Compiled in 165ms
 GET / 200 in 158ms (next.js: 39ms, application-code: 119ms)
 GET / 200 in 69ms (next.js: 12ms, application-code: 56ms)
✓ Compiled in 383ms
 GET / 200 in 262ms (next.js: 46ms, application-code: 216ms)
 GET / 200 in 90ms (next.js: 13ms, application-code: 77ms)
✓ Compiled in 340ms
 GET / 200 in 274ms (next.js: 47ms, application-code: 227ms)
✓ Compiled in 425ms
 GET / 200 in 220ms (next.js: 42ms, application-code: 178ms)
✓ Compiled in 189ms
 GET / 200 in 1518ms (next.js: 285ms, application-code: 1233ms)
 GET / 200 in 1141ms (next.js: 129ms, application-code: 1012ms)
✓ Compiled in 786ms
 GET / 200 in 1530ms (next.js: 1046ms, application-code: 483ms)
 GET / 200 in 82ms (next.js: 19ms, application-code: 63ms)
 GET / 200 in 88ms (next.js: 17ms, application-code: 71ms)
 GET / 200 in 99ms (next.js: 20ms, application-code: 79ms)
✓ Compiled in 363ms
 GET / 200 in 965ms (next.js: 59ms, application-code: 906ms)
 GET / 200 in 148ms (next.js: 40ms, application-code: 108ms)
✓ Compiled in 678ms
 GET / 200 in 320ms (next.js: 127ms, application-code: 193ms)
 GET / 200 in 319ms (next.js: 188ms, application-code: 132ms)
✓ Compiled in 414ms
 GET / 200 in 118ms (next.js: 40ms, application-code: 77ms)
 GET / 200 in 111ms (next.js: 28ms, application-code: 83ms)
 GET / 200 in 81ms (next.js: 8ms, application-code: 73ms)
✓ Compiled in 255ms
 GET / 200 in 367ms (next.js: 68ms, application-code: 299ms)
 GET / 200 in 94ms (next.js: 15ms, application-code: 79ms)
 GET / 200 in 178ms (next.js: 20ms, application-code: 159ms)
✓ Compiled in 209ms
 GET / 200 in 199ms (next.js: 84ms, application-code: 115ms)
 GET / 200 in 108ms (next.js: 16ms, application-code: 92ms)
✓ Compiled in 686ms
 GET / 200 in 83ms (next.js: 25ms, application-code: 58ms)
✓ Compiled in 256ms
✓ Compiled in 454ms
✓ Compiled in 271ms
 GET / 200 in 224ms (next.js: 33ms, application-code: 190ms)
 GET / 200 in 133ms (next.js: 14ms, application-code: 119ms)
✓ Compiled in 124ms
✓ Compiled in 106ms
 GET / 200 in 131ms (next.js: 25ms, application-code: 106ms)
 GET / 200 in 69ms (next.js: 18ms, application-code: 51ms)
✓ Compiled in 122ms
 GET / 200 in 103ms (next.js: 28ms, application-code: 75ms)
 GET / 200 in 331ms (next.js: 12ms, application-code: 318ms)
✓ Compiled in 386ms
 GET / 200 in 119ms (next.js: 29ms, application-code: 89ms)
 GET / 200 in 513ms (next.js: 12ms, application-code: 500ms)
✓ Compiled in 223ms
 GET / 200 in 140ms (next.js: 27ms, application-code: 113ms)
 GET / 200 in 58ms (next.js: 14ms, application-code: 45ms)
✓ Compiled in 150ms
 GET / 200 in 134ms (next.js: 24ms, application-code: 110ms)
 GET / 200 in 77ms (next.js: 19ms, application-code: 58ms)
✓ Compiled in 156ms
 GET / 200 in 117ms (next.js: 29ms, application-code: 89ms)
 GET / 200 in 77ms (next.js: 17ms, application-code: 60ms)
✓ Compiled in 96ms
 GET / 200 in 112ms (next.js: 41ms, application-code: 70ms)
 GET / 200 in 84ms (next.js: 17ms, application-code: 67ms)
✓ Compiled in 219ms
 GET / 200 in 186ms (next.js: 68ms, application-code: 118ms)
 GET / 200 in 72ms (next.js: 16ms, application-code: 55ms)
✓ Compiled in 272ms
 GET / 200 in 84ms (next.js: 30ms, application-code: 54ms)
 GET / 200 in 65ms (next.js: 12ms, application-code: 54ms)
✓ Compiled in 158ms
 GET / 200 in 107ms (next.js: 24ms, application-code: 83ms)
 GET / 200 in 39ms (next.js: 9ms, application-code: 30ms)
✓ Compiled in 144ms
 GET / 200 in 77ms (next.js: 34ms, application-code: 43ms)
 GET / 200 in 72ms (next.js: 11ms, application-code: 61ms)
✓ Compiled in 82ms
 GET / 200 in 123ms (next.js: 33ms, application-code: 91ms)
 GET / 200 in 51ms (next.js: 8ms, application-code: 43ms)
✓ Compiled in 72ms
 GET / 200 in 153ms (next.js: 28ms, application-code: 125ms)
 GET / 200 in 128ms (next.js: 9ms, application-code: 119ms)
✓ Compiled in 128ms
 GET / 200 in 148ms (next.js: 32ms, application-code: 116ms)
 GET / 200 in 69ms (next.js: 14ms, application-code: 55ms)
✓ Compiled in 83ms
 GET / 200 in 133ms (next.js: 56ms, application-code: 76ms)
 GET / 200 in 46ms (next.js: 14ms, application-code: 32ms)
✓ Compiled in 290ms
 GET / 200 in 105ms (next.js: 32ms, application-code: 73ms)
 GET / 200 in 46ms (next.js: 8ms, application-code: 38ms)
✓ Compiled in 87ms
 GET / 200 in 130ms (next.js: 28ms, application-code: 103ms)
 GET / 200 in 59ms (next.js: 10ms, application-code: 49ms)
✓ Compiled in 91ms
 GET / 200 in 149ms (next.js: 21ms, application-code: 128ms)
 GET / 200 in 98ms (next.js: 13ms, application-code: 85ms)
✓ Compiled in 81ms
 GET / 200 in 152ms (next.js: 70ms, application-code: 82ms)
 GET / 200 in 44ms (next.js: 10ms, application-code: 34ms)
✓ Compiled in 156ms
 GET / 200 in 159ms (next.js: 29ms, application-code: 130ms)
 GET / 200 in 75ms (next.js: 13ms, application-code: 62ms)
✓ Compiled in 282ms
 GET / 200 in 318ms (next.js: 88ms, application-code: 230ms)
 GET / 200 in 105ms (next.js: 46ms, application-code: 59ms)
✓ Compiled in 180ms
 GET / 200 in 113ms (next.js: 51ms, application-code: 63ms)
 GET / 200 in 73ms (next.js: 14ms, application-code: 58ms)
✓ Compiled in 207ms
✓ Compiled in 83ms
 GET / 200 in 93ms (next.js: 24ms, application-code: 69ms)
 GET / 200 in 120ms (next.js: 20ms, application-code: 100ms)
 GET / 200 in 99ms (next.js: 10ms, application-code: 88ms)
✓ Compiled in 99ms
 GET / 200 in 107ms (next.js: 26ms, application-code: 81ms)
 GET / 200 in 92ms (next.js: 19ms, application-code: 74ms)
✓ Compiled in 174ms
 GET / 200 in 107ms (next.js: 28ms, application-code: 79ms)
 GET / 200 in 41ms (next.js: 9ms, application-code: 32ms)
✓ Compiled in 917ms
 GET / 200 in 266ms (next.js: 36ms, application-code: 230ms)
 GET / 200 in 74ms (next.js: 13ms, application-code: 61ms)
✓ Compiled in 280ms
 GET / 200 in 150ms (next.js: 65ms, application-code: 85ms)
 GET / 200 in 107ms (next.js: 25ms, application-code: 82ms)
✓ Compiled in 77ms
 GET / 200 in 142ms (next.js: 26ms, application-code: 116ms)
 GET / 200 in 142ms (next.js: 70ms, application-code: 72ms)
✓ Compiled in 90ms
 GET / 200 in 83ms (next.js: 21ms, application-code: 62ms)
 GET / 200 in 41ms (next.js: 9ms, application-code: 32ms)
✓ Compiled in 77ms
 GET / 200 in 143ms (next.js: 25ms, application-code: 118ms)
 GET / 200 in 144ms (next.js: 52ms, application-code: 92ms)
✓ Compiled in 259ms
 GET / 200 in 72ms (next.js: 23ms, application-code: 49ms)
 GET / 200 in 62ms (next.js: 15ms, application-code: 46ms)
✓ Compiled in 262ms
 GET / 200 in 110ms (next.js: 45ms, application-code: 65ms)
 GET / 200 in 115ms (next.js: 15ms, application-code: 100ms)
✓ Compiled in 86ms
 GET / 200 in 163ms (next.js: 28ms, application-code: 135ms)
 GET / 200 in 113ms (next.js: 11ms, application-code: 102ms)
✓ Compiled in 71ms
 GET / 200 in 89ms (next.js: 26ms, application-code: 63ms)
 GET / 200 in 66ms (next.js: 15ms, application-code: 51ms)
✓ Compiled in 49ms
 GET / 200 in 139ms (next.js: 61ms, application-code: 78ms)
 GET / 200 in 49ms (next.js: 14ms, application-code: 36ms)
✓ Compiled in 136ms
 GET / 200 in 82ms (next.js: 26ms, application-code: 55ms)
 GET / 200 in 148ms (next.js: 71ms, application-code: 77ms)
✓ Compiled in 140ms
 GET / 200 in 188ms (next.js: 77ms, application-code: 111ms)
 GET / 200 in 81ms (next.js: 14ms, application-code: 67ms)
✓ Compiled in 103ms
 GET / 200 in 113ms (next.js: 36ms, application-code: 77ms)
 GET / 200 in 48ms (next.js: 9ms, application-code: 40ms)
✓ Compiled in 200ms
 GET / 200 in 120ms (next.js: 51ms, application-code: 69ms)
 GET / 200 in 117ms (next.js: 32ms, application-code: 85ms)
✓ Compiled in 87ms
 GET / 200 in 88ms (next.js: 24ms, application-code: 64ms)
 GET / 200 in 79ms (next.js: 14ms, application-code: 64ms)
✓ Compiled in 51ms
 GET / 200 in 90ms (next.js: 25ms, application-code: 66ms)
 GET / 200 in 40ms (next.js: 9ms, application-code: 31ms)
✓ Compiled in 468ms
 GET / 200 in 279ms (next.js: 43ms, application-code: 236ms)
 GET / 200 in 69ms (next.js: 12ms, application-code: 56ms)
 GET / 200 in 3.8s (next.js: 2.7s, application-code: 1099ms)
 GET / 200 in 897ms (next.js: 27ms, application-code: 870ms)
 GET / 200 in 902ms (next.js: 170ms, application-code: 733ms)
 GET / 200 in 905ms (next.js: 270ms, application-code: 634ms)
 GET / 200 in 887ms (next.js: 470ms, application-code: 417ms)
 GET / 200 in 907ms (next.js: 377ms, application-code: 530ms)
 GET / 200 in 430ms (next.js: 78ms, application-code: 352ms)
 GET / 200 in 408ms (next.js: 177ms, application-code: 230ms)
 GET / 200 in 462ms (next.js: 347ms, application-code: 115ms)
 GET / 200 in 822ms (next.js: 302ms, application-code: 520ms)
 GET / 200 in 113ms (next.js: 16ms, application-code: 98ms)
 GET / 200 in 169ms (next.js: 14ms, application-code: 155ms)
 GET / 200 in 97ms (next.js: 16ms, application-code: 81ms)
 GET / 200 in 146ms (next.js: 19ms, application-code: 126ms)
 GET / 200 in 255ms (next.js: 106ms, application-code: 149ms)
 GET / 200 in 81ms (next.js: 15ms, application-code: 65ms)
 GET / 200 in 1847ms (next.js: 1214ms, application-code: 632ms)
 GET / 200 in 1847ms (next.js: 1344ms, application-code: 503ms)
 GET / 200 in 1870ms (next.js: 1475ms, application-code: 395ms)
 GET / 200 in 1867ms (next.js: 1551ms, application-code: 316ms)
 GET / 200 in 1888ms (next.js: 1636ms, application-code: 252ms)
 GET / 200 in 1854ms (next.js: 1650ms, application-code: 203ms)
 GET / 200 in 236ms (next.js: 25ms, application-code: 211ms)
 GET / 200 in 649ms (next.js: 42ms, application-code: 606ms)
 GET / 200 in 567ms (next.js: 45ms, application-code: 522ms)
 GET / 200 in 567ms (next.js: 93ms, application-code: 474ms)
 GET / 200 in 568ms (next.js: 147ms, application-code: 420ms)
 GET / 200 in 592ms (next.js: 233ms, application-code: 359ms)
 GET / 200 in 469ms (next.js: 145ms, application-code: 324ms)
 GET / 200 in 156ms (next.js: 40ms, application-code: 117ms)
 GET / 200 in 191ms (next.js: 33ms, application-code: 157ms)
 GET / 200 in 96ms (next.js: 17ms, application-code: 79ms)
 GET / 200 in 192ms (next.js: 24ms, application-code: 168ms)
 GET / 200 in 103ms (next.js: 17ms, application-code: 87ms)
 GET / 200 in 93ms (next.js: 25ms, application-code: 68ms)
 GET / 200 in 73ms (next.js: 22ms, application-code: 51ms)
✓ Compiled in 477ms
○ Compiling /donate ...
 GET /donate 200 in 4.8s (next.js: 3.8s, application-code: 1021ms)
 GET /donate 200 in 1505ms (next.js: 573ms, application-code: 933ms)
○ Compiling /volunteer ...
 GET /volunteer 200 in 12.1s (next.js: 10.9s, application-code: 1249ms)
 GET /volunteer 200 in 275ms (next.js: 78ms, application-code: 197ms)
✓ Compiled in 775ms
 GET / 200 in 202ms (next.js: 23ms, application-code: 179ms)
 GET /donate 200 in 350ms (next.js: 103ms, application-code: 246ms)
✓ Compiled in 476ms
 GET /donate 200 in 318ms (next.js: 94ms, application-code: 223ms)
 GET / 200 in 113ms (next.js: 31ms, application-code: 83ms)
 GET / 200 in 844ms (next.js: 83ms, application-code: 761ms)
✓ Compiled in 430ms
 GET / 200 in 333ms (next.js: 98ms, application-code: 235ms)
 GET / 200 in 134ms (next.js: 21ms, application-code: 113ms)
✓ Compiled in 548ms
 GET / 200 in 189ms (next.js: 74ms, application-code: 116ms)
 GET / 200 in 258ms (next.js: 74ms, application-code: 185ms)
 GET /donate 200 in 401ms (next.js: 19ms, application-code: 382ms)
✓ Compiled in 2.7s
 GET /donate 200 in 807ms (next.js: 42ms, application-code: 765ms)
 GET / 200 in 143ms (next.js: 42ms, application-code: 101ms)
✓ Compiled in 642ms
 GET / 200 in 182ms (next.js: 18ms, application-code: 164ms)
 GET / 200 in 383ms (next.js: 11ms, application-code: 372ms)
 GET / 200 in 269ms (next.js: 17ms, application-code: 252ms)
 GET / 200 in 177ms (next.js: 27ms, application-code: 150ms)
✓ Compiled in 363ms
 GET /donate 200 in 135ms (next.js: 27ms, application-code: 108ms)
✓ Compiled in 1854ms
 GET / 200 in 392ms (next.js: 50ms, application-code: 341ms)
 GET / 200 in 202ms (next.js: 29ms, application-code: 173ms)
 GET / 200 in 259ms (next.js: 31ms, application-code: 228ms)
✓ Compiled in 1965ms
 GET / 200 in 125ms (next.js: 33ms, application-code: 92ms)
 GET / 200 in 222ms (next.js: 18ms, application-code: 204ms)
✓ Compiled in 486ms
✓ Compiled in 803ms
 GET / 200 in 252ms (next.js: 86ms, application-code: 167ms)
 GET / 200 in 177ms (next.js: 97ms, application-code: 81ms)
 GET / 200 in 133ms (next.js: 10ms, application-code: 123ms)
 GET / 200 in 205ms (next.js: 23ms, application-code: 181ms)
 GET / 200 in 147ms (next.js: 11ms, application-code: 136ms)
 GET / 200 in 206ms (next.js: 13ms, application-code: 193ms)
 GET /donate 200 in 615ms (next.js: 379ms, application-code: 236ms)
 GET / 200 in 221ms (next.js: 16ms, application-code: 204ms)
✓ Compiled in 1431ms
 GET / 200 in 599ms (next.js: 366ms, application-code: 233ms)
 GET / 200 in 149ms (next.js: 25ms, application-code: 124ms)
 GET / 200 in 361ms (next.js: 51ms, application-code: 310ms)
 GET / 200 in 200ms (next.js: 31ms, application-code: 169ms)
✓ Compiled in 2.5s
 GET / 200 in 402ms (next.js: 100ms, application-code: 301ms)
 GET / 200 in 103ms (next.js: 21ms, application-code: 82ms)
✓ Compiled in 498ms
 GET / 200 in 103ms (next.js: 14ms, application-code: 89ms)
✓ Compiled in 2.2s
 GET / 200 in 1040ms (next.js: 597ms, application-code: 443ms)
 GET / 200 in 200ms (next.js: 26ms, application-code: 174ms)
